PrismaClientInitializationError: 
Invalid `prisma.user.findUnique()` invocation:


Can't reach database server at `ep-lingering-bonus-a5rcknge-pooler.us-east-2.aws.neon.tech:5432`

Please make sure your database server is running at `ep-lingering-bonus-a5rcknge-pooler.us-east-2.aws.neon.tech:5432`.
    at $n.handleRequestError (D:\FlowSense2\frontend\node_modules\@prisma\client\runtime\library.js:121:7615)
    at $n.handleAndLogRequestError (D:\FlowSense2\frontend\node_modules\@prisma\client\runtime\library.js:121:6623)
    at $n.request (D:\FlowSense2\frontend\node_modules\@prisma\client\runtime\library.js:121:6307)
    at async l (D:\FlowSense2\frontend\node_modules\@prisma\client\runtime\library.js:130:9633)
    at async POST (file:///D:/FlowSense2/frontend/.next/dev/server/chunks/%5Broot-of-the-server%5D__0qqjp68._.js?id=%5Bproject%5D/src/app/api/save-analysis/route.ts+%5Bapp-route%5D+(ecmascript):42:20)
    at async AppRouteRouteModule.do (D:\FlowSense2\frontend\node_modules\next\dist\compiled\next-server\app-route-turbo.runtime.dev.js:5:42793)
    at async AppRouteRouteModule.handle (D:\FlowSense2\frontend\node_modules\next\dist\compiled\next-server\app-route-turbo.runtime.dev.js:5:50547)
    at async responseGenerator (D:\FlowSense2\frontend\.next\dev\server\chunks\node_modules_next_0imf-e7._.js:5331:30)
    at async AppRouteRouteModule.handleResponse (D:\FlowSense2\frontend\node_modules\next\dist\compiled\next-server\app-route-turbo.runtime.dev.js:1:250435)
    at async handleResponse (D:\FlowSense2\frontend\.next\dev\server\chunks\node_modules_next_0imf-e7._.js:5403:32)
    at async Module.handler (D:\FlowSense2\frontend\.next\dev\server\chunks\node_modules_next_0imf-e7._.js:5523:9)
    at async DevServer.renderToResponseWithComponentsImpl (D:\FlowSense2\frontend\node_modules\next\dist\server\base-server.js:1537:9)
    at async DevServer.renderPageComponent (D:\FlowSense2\frontend\node_modules\next\dist\server\base-server.js:1589:24)
    at async DevServer.renderToResponseImpl (D:\FlowSense2\frontend\node_modules\next\dist\server\base-server.js:1639:32)
    at async DevServer.pipeImpl (D:\FlowSense2\frontend\node_modules\next\dist\server\base-server.js:1088:25)
    at async NextNodeServer.handleCatchallRenderRequest (D:\FlowSense2\frontend\node_modules\next\dist\server\next-server.js:338:17)
    at async DevServer.handleRequestImpl (D:\FlowSense2\frontend\node_modules\next\dist\server\base-server.js:979:17)
    at async D:\FlowSense2\frontend\node_modules\next\dist\server\dev\next-dev-server.js:426:20
    at async Span.traceAsyncFn (D:\FlowSense2\frontend\node_modules\next\dist\trace\trace.js:164:20)
    at async DevServer.handleRequest (D:\FlowSense2\frontend\node_modules\next\dist\server\dev\next-dev-server.js:422:24)
    at async invokeRender (D:\FlowSense2\frontend\node_modules\next\dist\server\lib\router-server.js:306:21)
    at async handleRequest (D:\FlowSense2\frontend\node_modules\next\dist\server\lib\router-server.js:508:24)
    at async requestHandlerImpl (D:\FlowSense2\frontend\node_modules\next\dist\server\lib\router-server.js:565:13)
    at async Server.requestListener (D:\FlowSense2\frontend\node_modules\next\dist\server\lib\start-server.js:225:13)